Renderer stats: cells_total=41600 cells_rasterized=1 cells_skipped=41599 skip_rate=100.0% framebuffer_checksum=3342754873

Frame profile (custom dirty cells):
  frames:              602
  grid/raycast:        2.115 ms/frame
  state packing:       0.000 ms/frame
  smc diff:            0.000 ms/frame
  dirty decision:      0.517 ms/frame
  dirty iteration:     0.517 ms/frame
  rasterization:       0.517 ms/frame
  SDL/update/present:  4.622 ms/frame
  other/unaccounted:   0.000 ms/frame
  total profiled:      5.139 ms/frame
{
  "grid_width": 260,
  "grid_height": 160,
  "target_fps": 120,
  "avg_render_ms": 5.14,
  "worst_render_ms": 15.33,
  "effective_worst_ms": 15.33,
  "outlier_trimmed": false,
  "min_spare_ms": -10.03,
  "frames": 602,
  "result": "fail_performance"
}
