Renderer stats: cells_total=41600 cells_rasterized=1 cells_skipped=41599 skip_rate=100.0% framebuffer_checksum=107244035

Frame profile (custom dirty cells):
  frames:              614
  grid/raycast:        2.188 ms/frame
  state packing:       0.000 ms/frame
  smc diff:            0.000 ms/frame
  dirty decision:      0.498 ms/frame
  dirty iteration:     0.498 ms/frame
  rasterization:       0.498 ms/frame
  SDL/update/present:  4.450 ms/frame
  other/unaccounted:   0.000 ms/frame
  total profiled:      4.948 ms/frame
{
  "grid_width": 260,
  "grid_height": 160,
  "target_fps": 120,
  "avg_render_ms": 4.95,
  "worst_render_ms": 10.63,
  "effective_worst_ms": 10.63,
  "outlier_trimmed": false,
  "min_spare_ms": -4.29,
  "frames": 614,
  "result": "fail_performance"
}
