Renderer stats: cells_total=41600 cells_rasterized=1 cells_skipped=41599 skip_rate=100.0% framebuffer_checksum=2150998380

Frame profile (custom dirty cells):
  frames:              616
  grid/raycast:        2.236 ms/frame
  state packing:       0.000 ms/frame
  smc diff:            0.000 ms/frame
  dirty decision:      0.502 ms/frame
  dirty iteration:     0.502 ms/frame
  rasterization:       0.502 ms/frame
  SDL/update/present:  4.741 ms/frame
  other/unaccounted:   0.000 ms/frame
  total profiled:      5.243 ms/frame
{
  "grid_width": 260,
  "grid_height": 160,
  "target_fps": 120,
  "avg_render_ms": 5.24,
  "worst_render_ms": 13.45,
  "effective_worst_ms": 13.45,
  "outlier_trimmed": false,
  "min_spare_ms": -7.00,
  "frames": 616,
  "result": "fail_performance"
}
