Renderer stats: cells_total=41600 cells_rasterized=1 cells_skipped=41599 skip_rate=100.0% framebuffer_checksum=1163285031

Frame profile (custom dirty cells):
  frames:              235
  grid/raycast:        2.152 ms/frame
  state packing:       0.000 ms/frame
  smc diff:            0.000 ms/frame
  dirty decision:      0.550 ms/frame
  dirty iteration:     0.550 ms/frame
  rasterization:       0.550 ms/frame
  SDL/update/present:  4.738 ms/frame
  other/unaccounted:   0.000 ms/frame
  total profiled:      5.288 ms/frame
{
  "grid_width": 260,
  "grid_height": 160,
  "target_fps": 120,
  "avg_render_ms": 5.29,
  "worst_render_ms": 12.78,
  "effective_worst_ms": 12.78,
  "outlier_trimmed": false,
  "min_spare_ms": -6.33,
  "frames": 235,
  "result": "fail_performance"
}
