SMC indexed stats: checks=24252800 changed=42498 unchanged=24210302 stores=42498 bytes_compared=194022400 out_of_range=0 clears=0
Renderer stats: cells_total=41600 cells_rasterized=1 cells_skipped=41599 skip_rate=100.0% framebuffer_checksum=3367827701

Frame profile (SMC indexed):
  frames:              583
  grid/raycast:        2.203 ms/frame
  state packing:       0.000 ms/frame
  smc diff:            0.000 ms/frame
  dirty decision:      1.596 ms/frame
  dirty iteration:     1.596 ms/frame
  rasterization:       1.596 ms/frame
  SDL/update/present:  4.547 ms/frame
  other/unaccounted:   0.000 ms/frame
  total profiled:      6.142 ms/frame
{
  "grid_width": 260,
  "grid_height": 160,
  "target_fps": 120,
  "avg_render_ms": 6.14,
  "worst_render_ms": 12.96,
  "effective_worst_ms": 12.96,
  "outlier_trimmed": false,
  "min_spare_ms": -6.70,
  "frames": 583,
  "result": "fail_performance"
}
