SMC indexed stats: checks=24710400 changed=42500 unchanged=24667900 stores=42500 bytes_compared=197683200 out_of_range=0 clears=0
Renderer stats: cells_total=41600 cells_rasterized=1 cells_skipped=41599 skip_rate=100.0% framebuffer_checksum=4230629300

Frame profile (SMC indexed):
  frames:              594
  grid/raycast:        2.064 ms/frame
  state packing:       0.000 ms/frame
  smc diff:            0.000 ms/frame
  dirty decision:      1.563 ms/frame
  dirty iteration:     1.563 ms/frame
  rasterization:       1.563 ms/frame
  SDL/update/present:  4.508 ms/frame
  other/unaccounted:   0.000 ms/frame
  total profiled:      6.071 ms/frame
{
  "grid_width": 260,
  "grid_height": 160,
  "target_fps": 120,
  "avg_render_ms": 6.07,
  "worst_render_ms": 13.69,
  "effective_worst_ms": 13.69,
  "outlier_trimmed": false,
  "min_spare_ms": -7.27,
  "frames": 594,
  "result": "fail_performance"
}
