SMC indexed stats: checks=24544000 changed=42502 unchanged=24501498 stores=42502 bytes_compared=196352000 out_of_range=0 clears=0
Renderer stats: cells_total=41600 cells_rasterized=1 cells_skipped=41599 skip_rate=100.0% framebuffer_checksum=928585814

Frame profile (SMC indexed):
  frames:              590
  grid/raycast:        2.146 ms/frame
  state packing:       0.000 ms/frame
  smc diff:            0.000 ms/frame
  dirty decision:      1.681 ms/frame
  dirty iteration:     1.681 ms/frame
  rasterization:       1.681 ms/frame
  SDL/update/present:  4.344 ms/frame
  other/unaccounted:   0.000 ms/frame
  total profiled:      6.026 ms/frame
{
  "grid_width": 260,
  "grid_height": 160,
  "target_fps": 120,
  "avg_render_ms": 6.03,
  "worst_render_ms": 12.90,
  "effective_worst_ms": 12.90,
  "outlier_trimmed": false,
  "min_spare_ms": -6.50,
  "frames": 590,
  "result": "fail_performance"
}
