SMC indexed stats: checks=8736000 changed=42041 unchanged=8693959 stores=42041 bytes_compared=69888000 out_of_range=0 clears=0
Renderer stats: cells_total=41600 cells_rasterized=1 cells_skipped=41599 skip_rate=100.0% framebuffer_checksum=2420840273

Frame profile (SMC indexed):
  frames:              210
  grid/raycast:        2.372 ms/frame
  state packing:       0.000 ms/frame
  smc diff:            0.000 ms/frame
  dirty decision:      1.829 ms/frame
  dirty iteration:     1.829 ms/frame
  rasterization:       1.829 ms/frame
  SDL/update/present:  5.221 ms/frame
  other/unaccounted:   0.000 ms/frame
  total profiled:      7.050 ms/frame
{
  "grid_width": 260,
  "grid_height": 160,
  "target_fps": 120,
  "avg_render_ms": 7.05,
  "worst_render_ms": 12.52,
  "effective_worst_ms": 12.52,
  "outlier_trimmed": false,
  "min_spare_ms": -6.03,
  "frames": 210,
  "result": "fail_performance"
}
