SMC stream stats: checks=25043200 changed=42514 unchanged=25000686 stores=42514 bytes_compared=175302400 out_of_range=0 clears=0 fallback_count=0
Renderer stats: cells_total=41600 cells_rasterized=42514 cells_skipped=41599 skip_rate=100.0% framebuffer_checksum=459807797

Frame profile (SMC stream):
  frames:              602
  grid/raycast:        2.260 ms/frame
  state packing:       0.000 ms/frame
  smc diff:            0.000 ms/frame
  dirty decision:      0.000 ms/frame
  dirty iteration:     0.015 ms/frame
  rasterization:       0.015 ms/frame
  SDL/update/present:  4.445 ms/frame
  other/unaccounted:   0.000 ms/frame
  total profiled:      5.034 ms/frame
{
  "grid_width": 260,
  "grid_height": 160,
  "target_fps": 120,
  "avg_render_ms": 5.04,
  "worst_render_ms": 12.25,
  "effective_worst_ms": 12.25,
  "outlier_trimmed": false,
  "min_spare_ms": -5.97,
  "frames": 602,
  "result": "fail_performance"
}
