SMC stream stats: checks=24876800 changed=42508 unchanged=24834292 stores=42508 bytes_compared=174137600 out_of_range=0 clears=0 fallback_count=0
Renderer stats: cells_total=41600 cells_rasterized=42508 cells_skipped=41599 skip_rate=100.0% framebuffer_checksum=244725594

Frame profile (SMC stream):
  frames:              598
  grid/raycast:        2.287 ms/frame
  state packing:       0.000 ms/frame
  smc diff:            0.000 ms/frame
  dirty decision:      0.000 ms/frame
  dirty iteration:     0.024 ms/frame
  rasterization:       0.024 ms/frame
  SDL/update/present:  4.705 ms/frame
  other/unaccounted:   0.000 ms/frame
  total profiled:      5.313 ms/frame
{
  "grid_width": 260,
  "grid_height": 160,
  "target_fps": 120,
  "avg_render_ms": 5.31,
  "worst_render_ms": 12.02,
  "effective_worst_ms": 12.02,
  "outlier_trimmed": false,
  "min_spare_ms": -6.61,
  "frames": 598,
  "result": "fail_performance"
}
