SMC stream stats: checks=9526400 changed=42063 unchanged=9484337 stores=42063 bytes_compared=66684800 out_of_range=0 clears=0 fallback_count=0
Renderer stats: cells_total=41600 cells_rasterized=42063 cells_skipped=41599 skip_rate=100.0% framebuffer_checksum=1782350669

Frame profile (SMC stream):
  frames:              229
  grid/raycast:        2.315 ms/frame
  state packing:       0.000 ms/frame
  smc diff:            0.000 ms/frame
  dirty decision:      0.000 ms/frame
  dirty iteration:     0.147 ms/frame
  rasterization:       0.147 ms/frame
  SDL/update/present:  4.991 ms/frame
  other/unaccounted:   0.000 ms/frame
  total profiled:      5.753 ms/frame
{
  "grid_width": 260,
  "grid_height": 160,
  "target_fps": 120,
  "avg_render_ms": 5.75,
  "worst_render_ms": 10.18,
  "effective_worst_ms": 10.18,
  "outlier_trimmed": false,
  "min_spare_ms": -3.67,
  "frames": 229,
  "result": "fail_performance"
}
