SMC stream stats: checks=25084800 changed=42515 unchanged=25042285 stores=42515 bytes_compared=175593600 out_of_range=0 clears=0 fallback_count=0
Renderer stats: cells_total=41600 cells_rasterized=42515 cells_skipped=41599 skip_rate=100.0% framebuffer_checksum=2824370914

Frame profile (SMC stream):
  frames:              603
  grid/raycast:        2.285 ms/frame
  state packing:       0.000 ms/frame
  smc diff:            0.000 ms/frame
  dirty decision:      0.000 ms/frame
  dirty iteration:     0.019 ms/frame
  rasterization:       0.019 ms/frame
  SDL/update/present:  4.641 ms/frame
  other/unaccounted:   0.000 ms/frame
  total profiled:      5.866 ms/frame
{
  "grid_width": 260,
  "grid_height": 160,
  "target_fps": 120,
  "avg_render_ms": 5.87,
  "worst_render_ms": 17.22,
  "effective_worst_ms": 17.22,
  "outlier_trimmed": false,
  "min_spare_ms": -10.84,
  "frames": 603,
  "result": "fail_performance"
}
