SMC stream stats: checks=25084800 changed=42514 unchanged=25042286 stores=42514 bytes_compared=175593600 out_of_range=0 clears=0 fallback_count=0
Renderer stats: cells_total=41600 cells_rasterized=42514 cells_skipped=41599 skip_rate=100.0% framebuffer_checksum=3544407408

Frame profile (SMC stream):
  frames:              603
  grid/raycast:        2.157 ms/frame
  state packing:       0.000 ms/frame
  smc diff:            0.000 ms/frame
  dirty decision:      0.000 ms/frame
  dirty iteration:     0.020 ms/frame
  rasterization:       0.020 ms/frame
  SDL/update/present:  4.512 ms/frame
  other/unaccounted:   0.000 ms/frame
  total profiled:      5.747 ms/frame
{
  "grid_width": 260,
  "grid_height": 160,
  "target_fps": 120,
  "avg_render_ms": 5.75,
  "worst_render_ms": 13.69,
  "effective_worst_ms": 13.69,
  "outlier_trimmed": false,
  "min_spare_ms": -7.32,
  "frames": 603,
  "result": "fail_performance"
}
