SMC stream stats: checks=9568000 changed=42064 unchanged=9525936 stores=42064 bytes_compared=66976000 out_of_range=0 clears=0 fallback_count=0
Renderer stats: cells_total=41600 cells_rasterized=42064 cells_skipped=41599 skip_rate=100.0% framebuffer_checksum=2359925525

Frame profile (SMC stream):
  frames:              230
  grid/raycast:        2.258 ms/frame
  state packing:       0.000 ms/frame
  smc diff:            0.000 ms/frame
  dirty decision:      0.000 ms/frame
  dirty iteration:     0.056 ms/frame
  rasterization:       0.056 ms/frame
  SDL/update/present:  4.918 ms/frame
  other/unaccounted:   0.000 ms/frame
  total profiled:      6.192 ms/frame
{
  "grid_width": 260,
  "grid_height": 160,
  "target_fps": 120,
  "avg_render_ms": 6.19,
  "worst_render_ms": 12.60,
  "effective_worst_ms": 12.60,
  "outlier_trimmed": false,
  "min_spare_ms": -6.12,
  "frames": 230,
  "result": "fail_performance"
}
