SMC batch stats: checks=25542400 changed=42531 unchanged=25499869 stores=42531 bytes_compared=204339200 out_of_range=0 clears=0
Renderer stats: cells_total=41600 cells_rasterized=42531 cells_skipped=41599 skip_rate=100.0% framebuffer_checksum=3023068005

Frame profile (SMC batch):
  frames:              614
  grid/raycast:        2.268 ms/frame
  state packing:       0.480 ms/frame
  smc diff:            0.225 ms/frame
  dirty decision:      0.000 ms/frame
  dirty iteration:     0.024 ms/frame
  rasterization:       0.024 ms/frame
  SDL/update/present:  4.797 ms/frame
  other/unaccounted:   0.000 ms/frame
  total profiled:      5.527 ms/frame
{
  "grid_width": 260,
  "grid_height": 160,
  "target_fps": 120,
  "avg_render_ms": 5.53,
  "worst_render_ms": 13.12,
  "effective_worst_ms": 13.12,
  "outlier_trimmed": false,
  "min_spare_ms": -6.79,
  "frames": 614,
  "result": "fail_performance"
}
