SMC batch stats: checks=24710400 changed=42502 unchanged=24667898 stores=42502 bytes_compared=197683200 out_of_range=0 clears=0
Renderer stats: cells_total=41600 cells_rasterized=42502 cells_skipped=41599 skip_rate=100.0% framebuffer_checksum=3173872474

Frame profile (SMC batch):
  frames:              594
  grid/raycast:        2.265 ms/frame
  state packing:       0.498 ms/frame
  smc diff:            0.222 ms/frame
  dirty decision:      0.000 ms/frame
  dirty iteration:     0.024 ms/frame
  rasterization:       0.024 ms/frame
  SDL/update/present:  4.724 ms/frame
  other/unaccounted:   0.000 ms/frame
  total profiled:      5.468 ms/frame
{
  "grid_width": 260,
  "grid_height": 160,
  "target_fps": 120,
  "avg_render_ms": 5.47,
  "worst_render_ms": 12.55,
  "effective_worst_ms": 12.55,
  "outlier_trimmed": false,
  "min_spare_ms": -6.04,
  "frames": 594,
  "result": "fail_performance"
}
