Renderer stats: cells_total=41600 cells_rasterized=41600 cells_skipped=0 skip_rate=0.0% framebuffer_checksum=198599348

Frame profile (baseline):
  frames:              461
  grid/raycast:        2.355 ms/frame
  state packing:       0.000 ms/frame
  smc diff:            0.000 ms/frame
  dirty decision:      4.371 ms/frame
  dirty iteration:     4.371 ms/frame
  rasterization:       4.371 ms/frame
  SDL/update/present:  4.107 ms/frame
  other/unaccounted:   0.000 ms/frame
  total profiled:      8.478 ms/frame
{
  "grid_width": 260,
  "grid_height": 160,
  "target_fps": 120,
  "avg_render_ms": 8.48,
  "worst_render_ms": 20.19,
  "effective_worst_ms": 20.19,
  "outlier_trimmed": false,
  "min_spare_ms": -14.21,
  "frames": 461,
  "result": "fail_performance"
}
