Renderer stats: cells_total=41600 cells_rasterized=41600 cells_skipped=0 skip_rate=0.0% framebuffer_checksum=308075351

Frame profile (baseline):
  frames:              470
  grid/raycast:        2.182 ms/frame
  state packing:       0.000 ms/frame
  smc diff:            0.000 ms/frame
  dirty decision:      4.295 ms/frame
  dirty iteration:     4.295 ms/frame
  rasterization:       4.295 ms/frame
  SDL/update/present:  4.133 ms/frame
  other/unaccounted:   0.000 ms/frame
  total profiled:      8.429 ms/frame
{
  "grid_width": 260,
  "grid_height": 160,
  "target_fps": 120,
  "avg_render_ms": 8.43,
  "worst_render_ms": 11.74,
  "effective_worst_ms": 11.74,
  "outlier_trimmed": false,
  "min_spare_ms": -5.72,
  "frames": 470,
  "result": "fail_performance"
}
