Renderer stats: cells_total=41600 cells_rasterized=41600 cells_skipped=0 skip_rate=0.0% framebuffer_checksum=2010957825

Frame profile (baseline):
  frames:              171
  grid/raycast:        2.354 ms/frame
  state packing:       0.000 ms/frame
  smc diff:            0.000 ms/frame
  dirty decision:      4.562 ms/frame
  dirty iteration:     4.562 ms/frame
  rasterization:       4.562 ms/frame
  SDL/update/present:  4.785 ms/frame
  other/unaccounted:   0.000 ms/frame
  total profiled:      9.347 ms/frame
{
  "grid_width": 260,
  "grid_height": 160,
  "target_fps": 120,
  "avg_render_ms": 9.35,
  "worst_render_ms": 11.65,
  "effective_worst_ms": 11.65,
  "outlier_trimmed": false,
  "min_spare_ms": -6.15,
  "frames": 171,
  "result": "fail_performance"
}
